Copyright 1986-2021 Xilinx, Inc. All Rights Reserved.
-------------------------------------------------------------------------------------------
| Tool Version : Vivado v.2021.2 (win64) Build 3367213 Tue Oct 19 02:48:09 MDT 2021
| Date         : Sun Sep 25 18:25:21 2022
| Host         : DESKTOP-UK50EEK running 64-bit major release  (build 9200)
| Command      : report_control_sets -verbose -file adder_axi4_top_control_sets_placed.rpt
| Design       : adder_axi4_top
| Device       : xc7z020
-------------------------------------------------------------------------------------------

Control Set Information

Table of Contents
-----------------
1. Summary
2. Histogram
3. Flip-Flop Distribution
4. Detailed Control Set Information

1. Summary
----------

+----------------------------------------------------------+-------+
|                          Status                          | Count |
+----------------------------------------------------------+-------+
| Total control sets                                       |    61 |
|    Minimum number of control sets                        |    61 |
|    Addition due to synthesis replication                 |     0 |
|    Addition due to physical synthesis replication        |     0 |
| Unused register locations in slices containing registers |    17 |
+----------------------------------------------------------+-------+
* Control sets can be merged at opt_design using control_set_merge or merge_equivalent_drivers
** Run report_qor_suggestions for automated merging and remapping suggestions


2. Histogram
------------

+--------------------+-------+
|       Fanout       | Count |
+--------------------+-------+
| Total control sets |    61 |
| >= 0 to < 4        |     0 |
| >= 4 to < 6        |     2 |
| >= 6 to < 8        |     1 |
| >= 8 to < 10       |    56 |
| >= 10 to < 12      |     0 |
| >= 12 to < 14      |     0 |
| >= 14 to < 16      |     0 |
| >= 16              |     2 |
+--------------------+-------+
* Control sets can be remapped at either synth_design or opt_design


3. Flip-Flop Distribution
-------------------------

+--------------+-----------------------+------------------------+-----------------+--------------+
| Clock Enable | Synchronous Set/Reset | Asynchronous Set/Reset | Total Registers | Total Slices |
+--------------+-----------------------+------------------------+-----------------+--------------+
| No           | No                    | No                     |              33 |           16 |
| No           | No                    | Yes                    |               0 |            0 |
| No           | Yes                   | No                     |               6 |            2 |
| Yes          | No                    | No                     |               0 |            0 |
| Yes          | No                    | Yes                    |               0 |            0 |
| Yes          | Yes                   | No                     |             488 |          141 |
+--------------+-----------------------+------------------------+-----------------+--------------+


4. Detailed Control Set Information
-----------------------------------

+-------------------------+-------------------------------------------------------------------+-----------------------------------------------------------+------------------+----------------+--------------+
|       Clock Signal      |                           Enable Signal                           |                      Set/Reset Signal                     | Slice Load Count | Bel Load Count | Bels / Slice |
+-------------------------+-------------------------------------------------------------------+-----------------------------------------------------------+------------------+----------------+--------------+
|  s00_axi_aclk_IBUF_BUFG | myip_v1_0_inst/myip_v1_0_S00_AXI_inst/axi_awready0                | myip_v1_0_inst/myip_v1_0_S00_AXI_inst/axi_awready_i_1_n_0 |                1 |              4 |         4.00 |
|  s00_axi_aclk_IBUF_BUFG | myip_v1_0_inst/myip_v1_0_S00_AXI_inst/axi_arready0                | myip_v1_0_inst/myip_v1_0_S00_AXI_inst/axi_awready_i_1_n_0 |                1 |              4 |         4.00 |
|  s00_axi_aclk_IBUF_BUFG |                                                                   | myip_v1_0_inst/myip_v1_0_S00_AXI_inst/axi_awready_i_1_n_0 |                2 |              6 |         3.00 |
|  s00_axi_aclk_IBUF_BUFG | myip_v1_0_inst/myip_v1_0_S00_AXI_inst/i___2/slv_reg12[7]_i_1_n_0  | myip_v1_0_inst/myip_v1_0_S00_AXI_inst/axi_awready_i_1_n_0 |                1 |              8 |         8.00 |
|  s00_axi_aclk_IBUF_BUFG | myip_v1_0_inst/myip_v1_0_S00_AXI_inst/i___2/slv_reg15[23]_i_1_n_0 | myip_v1_0_inst/myip_v1_0_S00_AXI_inst/axi_awready_i_1_n_0 |                1 |              8 |         8.00 |
|  s00_axi_aclk_IBUF_BUFG | myip_v1_0_inst/myip_v1_0_S00_AXI_inst/i___2/slv_reg1[7]_i_1_n_0   | myip_v1_0_inst/myip_v1_0_S00_AXI_inst/axi_awready_i_1_n_0 |                3 |              8 |         2.67 |
|  s00_axi_aclk_IBUF_BUFG | myip_v1_0_inst/myip_v1_0_S00_AXI_inst/i___2/slv_reg12[31]_i_1_n_0 | myip_v1_0_inst/myip_v1_0_S00_AXI_inst/axi_awready_i_1_n_0 |                1 |              8 |         8.00 |
|  s00_axi_aclk_IBUF_BUFG | myip_v1_0_inst/myip_v1_0_S00_AXI_inst/i___2/slv_reg1[23]_i_1_n_0  | myip_v1_0_inst/myip_v1_0_S00_AXI_inst/axi_awready_i_1_n_0 |                3 |              8 |         2.67 |
|  s00_axi_aclk_IBUF_BUFG | myip_v1_0_inst/myip_v1_0_S00_AXI_inst/i___2/slv_reg2[7]_i_1_n_0   | myip_v1_0_inst/myip_v1_0_S00_AXI_inst/axi_awready_i_1_n_0 |                3 |              8 |         2.67 |
|  s00_axi_aclk_IBUF_BUFG | myip_v1_0_inst/myip_v1_0_S00_AXI_inst/i___2/slv_reg2[31]_i_1_n_0  | myip_v1_0_inst/myip_v1_0_S00_AXI_inst/axi_awready_i_1_n_0 |                2 |              8 |         4.00 |
|  s00_axi_aclk_IBUF_BUFG | myip_v1_0_inst/myip_v1_0_S00_AXI_inst/i___2/slv_reg13[7]_i_1_n_0  | myip_v1_0_inst/myip_v1_0_S00_AXI_inst/axi_awready_i_1_n_0 |                1 |              8 |         8.00 |
|  s00_axi_aclk_IBUF_BUFG | myip_v1_0_inst/myip_v1_0_S00_AXI_inst/i___2/slv_reg14[7]_i_1_n_0  | myip_v1_0_inst/myip_v1_0_S00_AXI_inst/axi_awready_i_1_n_0 |                2 |              8 |         4.00 |
|  s00_axi_aclk_IBUF_BUFG | myip_v1_0_inst/myip_v1_0_S00_AXI_inst/i___2/slv_reg14[23]_i_1_n_0 | myip_v1_0_inst/myip_v1_0_S00_AXI_inst/axi_awready_i_1_n_0 |                3 |              8 |         2.67 |
|  s00_axi_aclk_IBUF_BUFG | myip_v1_0_inst/myip_v1_0_S00_AXI_inst/i___2/slv_reg11[23]_i_1_n_0 | myip_v1_0_inst/myip_v1_0_S00_AXI_inst/axi_awready_i_1_n_0 |                1 |              8 |         8.00 |
|  s00_axi_aclk_IBUF_BUFG | myip_v1_0_inst/myip_v1_0_S00_AXI_inst/p_1_in[23]                  | myip_v1_0_inst/myip_v1_0_S00_AXI_inst/axi_awready_i_1_n_0 |                2 |              8 |         4.00 |
|  s00_axi_aclk_IBUF_BUFG | myip_v1_0_inst/myip_v1_0_S00_AXI_inst/i___2/slv_reg5[15]_i_1_n_0  | myip_v1_0_inst/myip_v1_0_S00_AXI_inst/axi_awready_i_1_n_0 |                1 |              8 |         8.00 |
|  s00_axi_aclk_IBUF_BUFG | myip_v1_0_inst/myip_v1_0_S00_AXI_inst/i___2/slv_reg5[7]_i_1_n_0   | myip_v1_0_inst/myip_v1_0_S00_AXI_inst/axi_awready_i_1_n_0 |                2 |              8 |         4.00 |
|  s00_axi_aclk_IBUF_BUFG | myip_v1_0_inst/myip_v1_0_S00_AXI_inst/i___2/slv_reg10[15]_i_1_n_0 | myip_v1_0_inst/myip_v1_0_S00_AXI_inst/axi_awready_i_1_n_0 |                2 |              8 |         4.00 |
|  s00_axi_aclk_IBUF_BUFG | myip_v1_0_inst/myip_v1_0_S00_AXI_inst/i___2/slv_reg14[31]_i_1_n_0 | myip_v1_0_inst/myip_v1_0_S00_AXI_inst/axi_awready_i_1_n_0 |                1 |              8 |         8.00 |
|  s00_axi_aclk_IBUF_BUFG | myip_v1_0_inst/myip_v1_0_S00_AXI_inst/i___2/slv_reg12[23]_i_1_n_0 | myip_v1_0_inst/myip_v1_0_S00_AXI_inst/axi_awready_i_1_n_0 |                2 |              8 |         4.00 |
|  s00_axi_aclk_IBUF_BUFG | myip_v1_0_inst/myip_v1_0_S00_AXI_inst/i___2/slv_reg15[15]_i_1_n_0 | myip_v1_0_inst/myip_v1_0_S00_AXI_inst/axi_awready_i_1_n_0 |                1 |              8 |         8.00 |
|  s00_axi_aclk_IBUF_BUFG | myip_v1_0_inst/myip_v1_0_S00_AXI_inst/i___2/slv_reg10[7]_i_1_n_0  | myip_v1_0_inst/myip_v1_0_S00_AXI_inst/axi_awready_i_1_n_0 |                1 |              8 |         8.00 |
|  s00_axi_aclk_IBUF_BUFG | myip_v1_0_inst/myip_v1_0_S00_AXI_inst/i___2/slv_reg15[7]_i_1_n_0  | myip_v1_0_inst/myip_v1_0_S00_AXI_inst/axi_awready_i_1_n_0 |                1 |              8 |         8.00 |
|  s00_axi_aclk_IBUF_BUFG | myip_v1_0_inst/myip_v1_0_S00_AXI_inst/i___2/slv_reg1[15]_i_1_n_0  | myip_v1_0_inst/myip_v1_0_S00_AXI_inst/axi_awready_i_1_n_0 |                2 |              8 |         4.00 |
|  s00_axi_aclk_IBUF_BUFG | myip_v1_0_inst/myip_v1_0_S00_AXI_inst/i___2/slv_reg2[23]_i_1_n_0  | myip_v1_0_inst/myip_v1_0_S00_AXI_inst/axi_awready_i_1_n_0 |                3 |              8 |         2.67 |
|  s00_axi_aclk_IBUF_BUFG | myip_v1_0_inst/myip_v1_0_S00_AXI_inst/i___2/slv_reg5[23]_i_1_n_0  | myip_v1_0_inst/myip_v1_0_S00_AXI_inst/axi_awready_i_1_n_0 |                1 |              8 |         8.00 |
|  s00_axi_aclk_IBUF_BUFG | myip_v1_0_inst/myip_v1_0_S00_AXI_inst/i___2/slv_reg10[23]_i_1_n_0 | myip_v1_0_inst/myip_v1_0_S00_AXI_inst/axi_awready_i_1_n_0 |                1 |              8 |         8.00 |
|  s00_axi_aclk_IBUF_BUFG | myip_v1_0_inst/myip_v1_0_S00_AXI_inst/i___2/slv_reg6[15]_i_1_n_0  | myip_v1_0_inst/myip_v1_0_S00_AXI_inst/axi_awready_i_1_n_0 |                2 |              8 |         4.00 |
|  s00_axi_aclk_IBUF_BUFG | myip_v1_0_inst/myip_v1_0_S00_AXI_inst/i___2/slv_reg11[15]_i_1_n_0 | myip_v1_0_inst/myip_v1_0_S00_AXI_inst/axi_awready_i_1_n_0 |                3 |              8 |         2.67 |
|  s00_axi_aclk_IBUF_BUFG | myip_v1_0_inst/myip_v1_0_S00_AXI_inst/i___2/slv_reg10[31]_i_1_n_0 | myip_v1_0_inst/myip_v1_0_S00_AXI_inst/axi_awready_i_1_n_0 |                1 |              8 |         8.00 |
|  s00_axi_aclk_IBUF_BUFG | myip_v1_0_inst/myip_v1_0_S00_AXI_inst/i___2/slv_reg11[31]_i_1_n_0 | myip_v1_0_inst/myip_v1_0_S00_AXI_inst/axi_awready_i_1_n_0 |                1 |              8 |         8.00 |
|  s00_axi_aclk_IBUF_BUFG | myip_v1_0_inst/myip_v1_0_S00_AXI_inst/i___2/slv_reg1[31]_i_1_n_0  | myip_v1_0_inst/myip_v1_0_S00_AXI_inst/axi_awready_i_1_n_0 |                2 |              8 |         4.00 |
|  s00_axi_aclk_IBUF_BUFG | myip_v1_0_inst/myip_v1_0_S00_AXI_inst/i___2/slv_reg11[7]_i_1_n_0  | myip_v1_0_inst/myip_v1_0_S00_AXI_inst/axi_awready_i_1_n_0 |                2 |              8 |         4.00 |
|  s00_axi_aclk_IBUF_BUFG | myip_v1_0_inst/myip_v1_0_S00_AXI_inst/i___2/slv_reg13[15]_i_1_n_0 | myip_v1_0_inst/myip_v1_0_S00_AXI_inst/axi_awready_i_1_n_0 |                3 |              8 |         2.67 |
|  s00_axi_aclk_IBUF_BUFG | myip_v1_0_inst/myip_v1_0_S00_AXI_inst/i___2/slv_reg13[23]_i_1_n_0 | myip_v1_0_inst/myip_v1_0_S00_AXI_inst/axi_awready_i_1_n_0 |                3 |              8 |         2.67 |
|  s00_axi_aclk_IBUF_BUFG | myip_v1_0_inst/myip_v1_0_S00_AXI_inst/i___2/slv_reg13[31]_i_1_n_0 | myip_v1_0_inst/myip_v1_0_S00_AXI_inst/axi_awready_i_1_n_0 |                1 |              8 |         8.00 |
|  s00_axi_aclk_IBUF_BUFG | myip_v1_0_inst/myip_v1_0_S00_AXI_inst/i___2/slv_reg14[15]_i_1_n_0 | myip_v1_0_inst/myip_v1_0_S00_AXI_inst/axi_awready_i_1_n_0 |                2 |              8 |         4.00 |
|  s00_axi_aclk_IBUF_BUFG | myip_v1_0_inst/myip_v1_0_S00_AXI_inst/i___2/slv_reg12[15]_i_1_n_0 | myip_v1_0_inst/myip_v1_0_S00_AXI_inst/axi_awready_i_1_n_0 |                2 |              8 |         4.00 |
|  s00_axi_aclk_IBUF_BUFG | myip_v1_0_inst/myip_v1_0_S00_AXI_inst/i___2/slv_reg15[31]_i_1_n_0 | myip_v1_0_inst/myip_v1_0_S00_AXI_inst/axi_awready_i_1_n_0 |                2 |              8 |         4.00 |
|  s00_axi_aclk_IBUF_BUFG | myip_v1_0_inst/myip_v1_0_S00_AXI_inst/i___2/slv_reg2[15]_i_1_n_0  | myip_v1_0_inst/myip_v1_0_S00_AXI_inst/axi_awready_i_1_n_0 |                3 |              8 |         2.67 |
|  s00_axi_aclk_IBUF_BUFG | myip_v1_0_inst/myip_v1_0_S00_AXI_inst/i___2/slv_reg5[31]_i_1_n_0  | myip_v1_0_inst/myip_v1_0_S00_AXI_inst/axi_awready_i_1_n_0 |                3 |              8 |         2.67 |
|  s00_axi_aclk_IBUF_BUFG | myip_v1_0_inst/myip_v1_0_S00_AXI_inst/i___2/slv_reg6[23]_i_1_n_0  | myip_v1_0_inst/myip_v1_0_S00_AXI_inst/axi_awready_i_1_n_0 |                3 |              8 |         2.67 |
|  s00_axi_aclk_IBUF_BUFG | myip_v1_0_inst/myip_v1_0_S00_AXI_inst/i___2/slv_reg6[31]_i_1_n_0  | myip_v1_0_inst/myip_v1_0_S00_AXI_inst/axi_awready_i_1_n_0 |                1 |              8 |         8.00 |
|  s00_axi_aclk_IBUF_BUFG | myip_v1_0_inst/myip_v1_0_S00_AXI_inst/i___2/slv_reg6[7]_i_1_n_0   | myip_v1_0_inst/myip_v1_0_S00_AXI_inst/axi_awready_i_1_n_0 |                1 |              8 |         8.00 |
|  s00_axi_aclk_IBUF_BUFG | myip_v1_0_inst/myip_v1_0_S00_AXI_inst/i___2/slv_reg7[31]_i_1_n_0  | myip_v1_0_inst/myip_v1_0_S00_AXI_inst/axi_awready_i_1_n_0 |                1 |              8 |         8.00 |
|  s00_axi_aclk_IBUF_BUFG | myip_v1_0_inst/myip_v1_0_S00_AXI_inst/i___2/slv_reg7[23]_i_1_n_0  | myip_v1_0_inst/myip_v1_0_S00_AXI_inst/axi_awready_i_1_n_0 |                1 |              8 |         8.00 |
|  s00_axi_aclk_IBUF_BUFG | myip_v1_0_inst/myip_v1_0_S00_AXI_inst/i___2/slv_reg7[15]_i_1_n_0  | myip_v1_0_inst/myip_v1_0_S00_AXI_inst/axi_awready_i_1_n_0 |                1 |              8 |         8.00 |
|  s00_axi_aclk_IBUF_BUFG | myip_v1_0_inst/myip_v1_0_S00_AXI_inst/i___2/slv_reg9[15]_i_1_n_0  | myip_v1_0_inst/myip_v1_0_S00_AXI_inst/axi_awready_i_1_n_0 |                4 |              8 |         2.00 |
|  s00_axi_aclk_IBUF_BUFG | myip_v1_0_inst/myip_v1_0_S00_AXI_inst/i___2/slv_reg8[31]_i_1_n_0  | myip_v1_0_inst/myip_v1_0_S00_AXI_inst/axi_awready_i_1_n_0 |                3 |              8 |         2.67 |
|  s00_axi_aclk_IBUF_BUFG | myip_v1_0_inst/myip_v1_0_S00_AXI_inst/i___2/slv_reg9[31]_i_1_n_0  | myip_v1_0_inst/myip_v1_0_S00_AXI_inst/axi_awready_i_1_n_0 |                2 |              8 |         4.00 |
|  s00_axi_aclk_IBUF_BUFG | myip_v1_0_inst/myip_v1_0_S00_AXI_inst/i___2/slv_reg7[7]_i_1_n_0   | myip_v1_0_inst/myip_v1_0_S00_AXI_inst/axi_awready_i_1_n_0 |                2 |              8 |         4.00 |
|  s00_axi_aclk_IBUF_BUFG | myip_v1_0_inst/myip_v1_0_S00_AXI_inst/i___2/slv_reg9[23]_i_1_n_0  | myip_v1_0_inst/myip_v1_0_S00_AXI_inst/axi_awready_i_1_n_0 |                3 |              8 |         2.67 |
|  s00_axi_aclk_IBUF_BUFG | myip_v1_0_inst/myip_v1_0_S00_AXI_inst/i___2/slv_reg9[7]_i_1_n_0   | myip_v1_0_inst/myip_v1_0_S00_AXI_inst/axi_awready_i_1_n_0 |                2 |              8 |         4.00 |
|  s00_axi_aclk_IBUF_BUFG | myip_v1_0_inst/myip_v1_0_S00_AXI_inst/i___2/slv_reg8[23]_i_1_n_0  | myip_v1_0_inst/myip_v1_0_S00_AXI_inst/axi_awready_i_1_n_0 |                2 |              8 |         4.00 |
|  s00_axi_aclk_IBUF_BUFG | myip_v1_0_inst/myip_v1_0_S00_AXI_inst/i___2/slv_reg8[15]_i_1_n_0  | myip_v1_0_inst/myip_v1_0_S00_AXI_inst/axi_awready_i_1_n_0 |                1 |              8 |         8.00 |
|  s00_axi_aclk_IBUF_BUFG | myip_v1_0_inst/myip_v1_0_S00_AXI_inst/i___2/slv_reg8[7]_i_1_n_0   | myip_v1_0_inst/myip_v1_0_S00_AXI_inst/axi_awready_i_1_n_0 |                2 |              8 |         4.00 |
|  s00_axi_aclk_IBUF_BUFG | myip_v1_0_inst/myip_v1_0_S00_AXI_inst/p_1_in[7]                   | myip_v1_0_inst/myip_v1_0_S00_AXI_inst/axi_awready_i_1_n_0 |                2 |              8 |         4.00 |
|  s00_axi_aclk_IBUF_BUFG | myip_v1_0_inst/myip_v1_0_S00_AXI_inst/p_1_in[31]                  | myip_v1_0_inst/myip_v1_0_S00_AXI_inst/axi_awready_i_1_n_0 |                3 |              8 |         2.67 |
|  s00_axi_aclk_IBUF_BUFG | myip_v1_0_inst/myip_v1_0_S00_AXI_inst/p_1_in[15]                  | myip_v1_0_inst/myip_v1_0_S00_AXI_inst/axi_awready_i_1_n_0 |                2 |              8 |         4.00 |
|  s00_axi_aclk_IBUF_BUFG | myip_v1_0_inst/myip_v1_0_S00_AXI_inst/slv_reg_rden__0             | myip_v1_0_inst/myip_v1_0_S00_AXI_inst/axi_awready_i_1_n_0 |               32 |             32 |         1.00 |
|  s00_axi_aclk_IBUF_BUFG |                                                                   |                                                           |               16 |             33 |         2.06 |
+-------------------------+-------------------------------------------------------------------+-----------------------------------------------------------+------------------+----------------+--------------+


